[creativelayers.net/themes/gotrip-html/home-3.html]
[creativelayers.net/themes/gotrip-html/css/vendors.css]
[backblue.gif]
[fade.gif]
[index.html]
[creativelayers.net/themes/gotrip-html/css/main.css]
[creativelayers.net/themes/gotrip-html/index.html]
[creativelayers.net/themes/gotrip-html/home-2.html]
[creativelayers.net/themes/gotrip-html/home-4.html]
[creativelayers.net/themes/gotrip-html/home-5.html]
[creativelayers.net/themes/gotrip-html/home-6.html]
[creativelayers.net/themes/gotrip-html/home-7.html]
[creativelayers.net/themes/gotrip-html/home-8.html]
[creativelayers.net/themes/gotrip-html/home-9.html]
[creativelayers.net/themes/gotrip-html/home-10.html]
[creativelayers.net/themes/gotrip-html/hotel-list-1.html]
[creativelayers.net/themes/gotrip-html/hotel-list-2.html]
[creativelayers.net/themes/gotrip-html/hotel-half-map.html]
[creativelayers.net/themes/gotrip-html/hotel-grid-1.html]
[creativelayers.net/themes/gotrip-html/hotel-grid-2.html]
[creativelayers.net/themes/gotrip-html/hotel-single-1.html]
[creativelayers.net/themes/gotrip-html/booking-pages.html]
[creativelayers.net/themes/gotrip-html/hotel-single-2.html]
[creativelayers.net/themes/gotrip-html/tour-list-1.html]
[creativelayers.net/themes/gotrip-html/tour-grid-1.html]
[creativelayers.net/themes/gotrip-html/tour-map.html]
[creativelayers.net/themes/gotrip-html/tour-single.html]
[creativelayers.net/themes/gotrip-html/img/backgrounds/7.png]
[creativelayers.net/themes/gotrip-html/activity-list-1.html]
[creativelayers.net/themes/gotrip-html/activity-grid-1.html]
[creativelayers.net/themes/gotrip-html/activity-map.html]
[creativelayers.net/themes/gotrip-html/activity-single.html]
[creativelayers.net/themes/gotrip-html/rental-list-1.html]
[creativelayers.net/themes/gotrip-html/rental-grid-1.html]
[creativelayers.net/themes/gotrip-html/rental-map.html]
[creativelayers.net/themes/gotrip-html/rental-single.html]
[creativelayers.net/themes/gotrip-html/car-list-1.html]
[creativelayers.net/themes/gotrip-html/car-grid-1.html]
[creativelayers.net/themes/gotrip-html/car-map.html]
[creativelayers.net/themes/gotrip-html/car-single.html]
[creativelayers.net/themes/gotrip-html/cruise-list-1.html]
[creativelayers.net/themes/gotrip-html/cruise-grid-1.html]
[creativelayers.net/themes/gotrip-html/cruise-map.html]
[creativelayers.net/themes/gotrip-html/cruise-single.html]
[creativelayers.net/themes/gotrip-html/flights-list.html]
[creativelayers.net/themes/gotrip-html/destinations.html]
[creativelayers.net/themes/gotrip-html/blog-list-1.html]
[creativelayers.net/themes/gotrip-html/blog-list-2.html]
[creativelayers.net/themes/gotrip-html/blog-single.html]
[creativelayers.net/themes/gotrip-html/404.html]
[creativelayers.net/themes/gotrip-html/about.html]
[creativelayers.net/themes/gotrip-html/become-expert.html]
[creativelayers.net/themes/gotrip-html/help-center.html]
[creativelayers.net/themes/gotrip-html/login.html]
[creativelayers.net/themes/gotrip-html/signup.html]
[creativelayers.net/themes/gotrip-html/terms.html]
[creativelayers.net/themes/gotrip-html/invoice.html]
[creativelayers.net/themes/gotrip-html/ui-elements.html]
[creativelayers.net/themes/gotrip-html/db-dashboard.html]
[creativelayers.net/themes/gotrip-html/db-booking.html]
[creativelayers.net/themes/gotrip-html/db-settings.html]
[creativelayers.net/themes/gotrip-html/db-wishlist.html]
[creativelayers.net/themes/gotrip-html/db-vendor-dashboard.html]
[creativelayers.net/themes/gotrip-html/db-vendor-add-hotel.html]
[creativelayers.net/themes/gotrip-html/db-vendor-booking.html]
[creativelayers.net/themes/gotrip-html/db-vendor-hotels.html]
[creativelayers.net/themes/gotrip-html/db-vendor-recovery.html]
[creativelayers.net/themes/gotrip-html/contact.html]
[creativelayers.net/themes/gotrip-html/img/general/lang.png]
[creativelayers.net/themes/gotrip-html/img/masthead/3/bg.png]
[creativelayers.net/themes/gotrip-html/img/hotels/1.png]
[creativelayers.net/themes/gotrip-html/img/hotels/2.png]
[creativelayers.net/themes/gotrip-html/img/hotels/3.png]
[creativelayers.net/themes/gotrip-html/img/hotels/4.png]
[creativelayers.net/themes/gotrip-html/img/tours/1.png]
[creativelayers.net/themes/gotrip-html/img/tours/2.png]
[creativelayers.net/themes/gotrip-html/img/tours/3.png]
[creativelayers.net/themes/gotrip-html/img/tours/4.png]
[creativelayers.net/themes/gotrip-html/img/activities/1.png]
[creativelayers.net/themes/gotrip-html/img/activities/2.png]
[creativelayers.net/themes/gotrip-html/img/activities/3.png]
[creativelayers.net/themes/gotrip-html/img/activities/4.png]
[creativelayers.net/themes/gotrip-html/img/rentals/1.png]
[creativelayers.net/themes/gotrip-html/img/rentals/2.png]
[creativelayers.net/themes/gotrip-html/img/rentals/3.png]
[creativelayers.net/themes/gotrip-html/img/rentals/4.png]
[creativelayers.net/themes/gotrip-html/img/cars/1.png]
[creativelayers.net/themes/gotrip-html/img/cars/2.png]
[creativelayers.net/themes/gotrip-html/img/cars/3.png]
[creativelayers.net/themes/gotrip-html/img/cars/4.png]
[creativelayers.net/themes/gotrip-html/img/cruises/1.png]
[creativelayers.net/themes/gotrip-html/img/cruises/2.png]
[creativelayers.net/themes/gotrip-html/img/cruises/3.png]
[creativelayers.net/themes/gotrip-html/img/cruises/4.png]
[creativelayers.net/themes/gotrip-html/img/flightIcons/1.png]
[creativelayers.net/themes/gotrip-html/img/flightIcons/2.png]
[unpkg.com/@googlemaps/markerclusterer/dist/index.min.5e.delayed]
[unpkg.com/@googlemaps/markerclusterer@2.2.3/dist/index.min.js]
[creativelayers.net/themes/gotrip-html/home-3.html]
[creativelayers.net/themes/gotrip-html/js/main.js]
[creativelayers.net/themes/gotrip-html/fonts/icomoonf78a.eot]
[creativelayers.net/themes/gotrip-html/fonts/icomoonf78a.ttf]
[creativelayers.net/themes/gotrip-html/js/vendors.js]
[creativelayers.net/themes/gotrip-html/fonts/icomoonf78a.woff]
[creativelayers.net/themes/gotrip-html/css/vendors.css]
[creativelayers.net/themes/gotrip-html/css/main.css]
[creativelayers.net/themes/gotrip-html/index.html]
[creativelayers.net/themes/gotrip-html/img/general/logo-dark.svg]
[creativelayers.net/themes/gotrip-html/img/masthead/2/bg.png]
[creativelayers.net/themes/gotrip-html/img/masthead/2/1.png]
[creativelayers.net/themes/gotrip-html/img/masthead/2/2.png]
[creativelayers.net/themes/gotrip-html/img/masthead/2/3.png]
[creativelayers.net/themes/gotrip-html/img/avatars/1.png]
[creativelayers.net/themes/gotrip-html/img/newsletter/1.png]
[creativelayers.net/themes/gotrip-html/img/app/1.png]
[creativelayers.net/themes/gotrip-html/home-2.html]
[creativelayers.net/themes/gotrip-html/img/masthead/4/bg.png]
[creativelayers.net/themes/gotrip-html/img/hotels/5.png]
[creativelayers.net/themes/gotrip-html/img/hotels/6.png]
[creativelayers.net/themes/gotrip-html/img/hotels/7.png]
[creativelayers.net/themes/gotrip-html/img/hotels/8.png]
[creativelayers.net/themes/gotrip-html/img/backgrounds/4.png]
[creativelayers.net/themes/gotrip-html/img/hotels/2/1.png]
[creativelayers.net/themes/gotrip-html/img/hotels/2/2.png]
[creativelayers.net/themes/gotrip-html/img/hotels/2/3.png]
[creativelayers.net/themes/gotrip-html/img/hotels/2/4.png]
[creativelayers.net/themes/gotrip-html/home-4.html]
[creativelayers.net/themes/gotrip-html/img/general/line.png]
[creativelayers.net/themes/gotrip-html/img/masthead/5/1.png]
[creativelayers.net/themes/gotrip-html/img/cities/1/1.png]
[creativelayers.net/themes/gotrip-html/img/cities/1/2.png]
[creativelayers.net/themes/gotrip-html/img/cities/1/3.png]
[creativelayers.net/themes/gotrip-html/img/cities/1/4.png]
[creativelayers.net/themes/gotrip-html/img/cities/1/5.png]
[creativelayers.net/themes/gotrip-html/img/cities/1/6.png]
[creativelayers.net/themes/gotrip-html/img/cities/1/7.png]
[creativelayers.net/themes/gotrip-html/img/cities/1/8.png]
[creativelayers.net/themes/gotrip-html/img/backgrounds/5.png]
[creativelayers.net/themes/gotrip-html/img/backgrounds/testimonials/bg.png]
[creativelayers.net/themes/gotrip-html/img/testimonials/2/1.png]
[creativelayers.net/themes/gotrip-html/img/testimonials/2/2.png]
[creativelayers.net/themes/gotrip-html/img/testimonials/2/3.png]
[creativelayers.net/themes/gotrip-html/img/testimonials/2/4.png]
[creativelayers.net/themes/gotrip-html/img/testimonials/2/5.png]
[creativelayers.net/themes/gotrip-html/home-5.html]
[creativelayers.net/themes/gotrip-html/img/masthead/6/bg.png]
[creativelayers.net/themes/gotrip-html/img/avatars/testimonials/1.png]
[creativelayers.net/themes/gotrip-html/img/avatars/testimonials/2.png]
[creativelayers.net/themes/gotrip-html/img/avatars/testimonials/3.png]
[creativelayers.net/themes/gotrip-html/img/avatars/testimonials/4.png]
[creativelayers.net/themes/gotrip-html/img/avatars/testimonials/5.png]
[creativelayers.net/themes/gotrip-html/img/activities/2/1.png]
[creativelayers.net/themes/gotrip-html/img/activities/2/2.png]
[creativelayers.net/themes/gotrip-html/img/activities/2/3.png]
[creativelayers.net/themes/gotrip-html/img/activities/2/4.png]
[creativelayers.net/themes/gotrip-html/img/activities/2/5.png]
[creativelayers.net/themes/gotrip-html/img/blog/1.png]
[creativelayers.net/themes/gotrip-html/img/blog/2.png]
[creativelayers.net/themes/gotrip-html/home-6.html]
[creativelayers.net/themes/gotrip-html/img/masthead/7/bg.png]
[creativelayers.net/themes/gotrip-html/img/backgrounds/10.png]
[creativelayers.net/themes/gotrip-html/home-7.html]
[creativelayers.net/themes/gotrip-html/img/masthead/8/bg.png]
[creativelayers.net/themes/gotrip-html/img/masthead/8/1.png]
[creativelayers.net/themes/gotrip-html/home-8.html]
[creativelayers.net/themes/gotrip-html/img/masthead/9/bg.png]
[creativelayers.net/themes/gotrip-html/img/video/1.png]
[creativelayers.net/themes/gotrip-html/img/video/2.png]
[creativelayers.net/themes/gotrip-html/img/backgrounds/11.png]
[creativelayers.net/themes/gotrip-html/home-9.html]
[creativelayers.net/themes/gotrip-html/img/masthead/10/1.png]
[creativelayers.net/themes/gotrip-html/img/masthead/10/2.png]
[creativelayers.net/themes/gotrip-html/home-10.html]
[creativelayers.net/themes/gotrip-html/img/general/map.png]
[creativelayers.net/themes/gotrip-html/img/lists/hotel/1/1.png]
[creativelayers.net/themes/gotrip-html/img/lists/hotel/1/2.png]
[creativelayers.net/themes/gotrip-html/img/lists/hotel/1/3.png]
[creativelayers.net/themes/gotrip-html/img/lists/hotel/1/4.png]
[creativelayers.net/themes/gotrip-html/img/lists/hotel/1/5.png]
[creativelayers.net/themes/gotrip-html/img/lists/hotel/1/6.png]
[creativelayers.net/themes/gotrip-html/img/lists/hotel/1/7.png]
[creativelayers.net/themes/gotrip-html/hotel-list-1.html]
[creativelayers.net/themes/gotrip-html/img/lists/hotel/1/8.png]
[creativelayers.net/themes/gotrip-html/hotel-list-2.html]
[creativelayers.net/themes/gotrip-html/hotel-half-map.html]
[creativelayers.net/themes/gotrip-html/img/lists/hotel/2/1.png]
[creativelayers.net/themes/gotrip-html/img/lists/hotel/2/2.png]
[creativelayers.net/themes/gotrip-html/img/lists/hotel/2/3.png]
[creativelayers.net/themes/gotrip-html/img/lists/hotel/2/4.png]
[creativelayers.net/themes/gotrip-html/img/lists/hotel/2/5.png]
[creativelayers.net/themes/gotrip-html/img/lists/hotel/2/6.png]
[creativelayers.net/themes/gotrip-html/img/lists/hotel/2/7.png]
[creativelayers.net/themes/gotrip-html/img/lists/hotel/2/8.png]
[creativelayers.net/themes/gotrip-html/img/lists/hotel/2/9.png]
[creativelayers.net/themes/gotrip-html/img/lists/hotel/2/10.png]
[creativelayers.net/themes/gotrip-html/img/lists/hotel/2/11.png]
[creativelayers.net/themes/gotrip-html/img/lists/hotel/2/12.png]
[creativelayers.net/themes/gotrip-html/hotel-grid-1.html]
[creativelayers.net/themes/gotrip-html/img/misc/bg-1.png]
[creativelayers.net/themes/gotrip-html/hotel-grid-2.html]
[creativelayers.net/themes/gotrip-html/img/gallery/1/1.png]
[creativelayers.net/themes/gotrip-html/img/gallery/1/2.png]
[creativelayers.net/themes/gotrip-html/img/gallery/1/3.png]
[creativelayers.net/themes/gotrip-html/img/gallery/1/4.png]
[creativelayers.net/themes/gotrip-html/img/gallery/1/5.png]
[creativelayers.net/themes/gotrip-html/img/backgrounds/1.png]
[creativelayers.net/themes/gotrip-html/img/avatars/2.png]
[creativelayers.net/themes/gotrip-html/img/testimonials/1/1.png]
[creativelayers.net/themes/gotrip-html/img/testimonials/1/2.png]
[creativelayers.net/themes/gotrip-html/img/testimonials/1/3.png]
[creativelayers.net/themes/gotrip-html/img/testimonials/1/4.png]
[creativelayers.net/themes/gotrip-html/hotel-single-1.html]
[creativelayers.net/themes/gotrip-html/hotel-single-2.html]
[creativelayers.net/themes/gotrip-html/img/booking-pages/card.png]
[creativelayers.net/themes/gotrip-html/booking-pages.html]
[creativelayers.net/themes/gotrip-html/img/lists/tour/1/1.png]
[creativelayers.net/themes/gotrip-html/img/lists/tour/1/2.png]
[creativelayers.net/themes/gotrip-html/img/lists/tour/1/3.png]
[creativelayers.net/themes/gotrip-html/img/lists/tour/1/4.png]
[creativelayers.net/themes/gotrip-html/img/lists/tour/1/5.png]
[creativelayers.net/themes/gotrip-html/tour-list-1.html]
[creativelayers.net/themes/gotrip-html/img/lists/tour/2/1.png]
[creativelayers.net/themes/gotrip-html/img/lists/tour/2/2.png]
[creativelayers.net/themes/gotrip-html/img/lists/tour/2/4.png]
[creativelayers.net/themes/gotrip-html/img/lists/tour/2/3.png]
[creativelayers.net/themes/gotrip-html/img/lists/tour/2/5.png]
[creativelayers.net/themes/gotrip-html/img/lists/tour/2/6.png]
[creativelayers.net/themes/gotrip-html/img/lists/tour/2/7.png]
[creativelayers.net/themes/gotrip-html/img/lists/tour/2/8.png]
[creativelayers.net/themes/gotrip-html/img/lists/tour/2/9.png]
[creativelayers.net/themes/gotrip-html/tour-grid-1.html]
[creativelayers.net/themes/gotrip-html/tour-map.html]
[creativelayers.net/themes/gotrip-html/img/lists/tour/single/1.png]
[creativelayers.net/themes/gotrip-html/img/lists/tour/single/2.png]
[creativelayers.net/themes/gotrip-html/tour-single.html]
[creativelayers.net/themes/gotrip-html/img/lists/activity/1/1.png]
[creativelayers.net/themes/gotrip-html/img/lists/activity/1/2.png]
[creativelayers.net/themes/gotrip-html/img/lists/activity/1/3.png]
[creativelayers.net/themes/gotrip-html/img/lists/activity/1/4.png]
[creativelayers.net/themes/gotrip-html/img/lists/activity/1/5.png]
[creativelayers.net/themes/gotrip-html/activity-list-1.html]
[creativelayers.net/themes/gotrip-html/img/lists/activity/2/1.png]
[creativelayers.net/themes/gotrip-html/img/lists/activity/2/2.png]
[creativelayers.net/themes/gotrip-html/img/lists/activity/2/3.png]
[creativelayers.net/themes/gotrip-html/img/lists/activity/2/4.png]
[creativelayers.net/themes/gotrip-html/img/lists/activity/2/5.png]
[creativelayers.net/themes/gotrip-html/img/lists/activity/2/6.png]
[creativelayers.net/themes/gotrip-html/img/lists/activity/2/7.png]
[creativelayers.net/themes/gotrip-html/img/lists/activity/2/8.png]
[creativelayers.net/themes/gotrip-html/img/lists/activity/2/9.png]
[creativelayers.net/themes/gotrip-html/activity-grid-1.html]
[creativelayers.net/themes/gotrip-html/img/lists/activity/3/1.png]
[creativelayers.net/themes/gotrip-html/img/lists/activity/3/2.png]
[creativelayers.net/themes/gotrip-html/img/lists/activity/3/3.png]
[creativelayers.net/themes/gotrip-html/activity-map.html]
[creativelayers.net/themes/gotrip-html/img/lists/activity/single/1.png]
[creativelayers.net/themes/gotrip-html/img/lists/activity/single/2.png]
[creativelayers.net/themes/gotrip-html/img/lists/activity/single/3.png]
[creativelayers.net/themes/gotrip-html/img/lists/activity/single/4.png]
[creativelayers.net/themes/gotrip-html/activity-single.html]
[creativelayers.net/themes/gotrip-html/img/lists/rental/1/1.png]
[creativelayers.net/themes/gotrip-html/img/lists/rental/1/2.png]
[creativelayers.net/themes/gotrip-html/img/lists/rental/1/3.png]
[creativelayers.net/themes/gotrip-html/img/lists/rental/1/4.png]
[creativelayers.net/themes/gotrip-html/img/lists/rental/1/5.png]
[creativelayers.net/themes/gotrip-html/rental-list-1.html]
[creativelayers.net/themes/gotrip-html/img/lists/rental/2/1.png]
[creativelayers.net/themes/gotrip-html/img/lists/rental/2/2.png]
[creativelayers.net/themes/gotrip-html/img/lists/rental/2/3.png]
[creativelayers.net/themes/gotrip-html/img/lists/rental/2/4.png]
[creativelayers.net/themes/gotrip-html/img/lists/rental/2/5.png]
[creativelayers.net/themes/gotrip-html/img/lists/rental/2/6.png]
[creativelayers.net/themes/gotrip-html/img/lists/rental/2/7.png]
[creativelayers.net/themes/gotrip-html/img/lists/rental/2/8.png]
[creativelayers.net/themes/gotrip-html/img/lists/rental/2/9.png]
[creativelayers.net/themes/gotrip-html/rental-grid-1.html]
[creativelayers.net/themes/gotrip-html/img/lists/rental/3/1.png]
[creativelayers.net/themes/gotrip-html/img/lists/rental/3/2.png]
[creativelayers.net/themes/gotrip-html/img/lists/rental/3/3.png]
[creativelayers.net/themes/gotrip-html/rental-map.html]
[creativelayers.net/themes/gotrip-html/img/lists/rental/single/1.png]
[creativelayers.net/themes/gotrip-html/img/lists/rental/single/2.png]
[creativelayers.net/themes/gotrip-html/img/lists/rental/single/3.png]
[creativelayers.net/themes/gotrip-html/img/lists/rental/single/4.png]
[creativelayers.net/themes/gotrip-html/img/lists/rental/single/5.png]
[creativelayers.net/themes/gotrip-html/rental-single.html]
[creativelayers.net/themes/gotrip-html/img/lists/car/1/1.png]
[creativelayers.net/themes/gotrip-html/img/lists/car/1/badge.png]
[creativelayers.net/themes/gotrip-html/img/lists/car/1/2.png]
[creativelayers.net/themes/gotrip-html/img/lists/car/1/3.png]
[creativelayers.net/themes/gotrip-html/img/lists/car/1/4.png]
[creativelayers.net/themes/gotrip-html/img/lists/car/1/5.png]
[creativelayers.net/themes/gotrip-html/car-list-1.html]
[creativelayers.net/themes/gotrip-html/img/lists/car/2/1.png]
[creativelayers.net/themes/gotrip-html/img/lists/car/2/2.png]
[creativelayers.net/themes/gotrip-html/img/lists/car/2/3.png]
[creativelayers.net/themes/gotrip-html/img/lists/car/2/4.png]
[creativelayers.net/themes/gotrip-html/img/lists/car/2/5.png]
[creativelayers.net/themes/gotrip-html/img/lists/car/2/6.png]
[creativelayers.net/themes/gotrip-html/img/lists/car/2/7.png]
[creativelayers.net/themes/gotrip-html/img/lists/car/2/8.png]
[creativelayers.net/themes/gotrip-html/img/lists/car/2/9.png]
[creativelayers.net/themes/gotrip-html/img/lists/car/2/10.png]
[creativelayers.net/themes/gotrip-html/img/lists/car/2/11.png]
[creativelayers.net/themes/gotrip-html/img/lists/car/2/12.png]
[creativelayers.net/themes/gotrip-html/img/lists/car/2/13.png]
[creativelayers.net/themes/gotrip-html/img/lists/car/2/14.png]
[creativelayers.net/themes/gotrip-html/img/lists/car/2/15.png]
[creativelayers.net/themes/gotrip-html/car-grid-1.html]
[creativelayers.net/themes/gotrip-html/car-map.html]
[creativelayers.net/themes/gotrip-html/img/cars/slider/slides/1.png]
[creativelayers.net/themes/gotrip-html/img/cars/slider/slides/2.png]
[creativelayers.net/themes/gotrip-html/img/cars/slider/slides/3.png]
[creativelayers.net/themes/gotrip-html/img/cars/slider/slides/4.png]
[creativelayers.net/themes/gotrip-html/img/cars/slider/1.png]
[creativelayers.net/themes/gotrip-html/img/cars/slider/2.png]
[creativelayers.net/themes/gotrip-html/img/cars/slider/3.png]
[creativelayers.net/themes/gotrip-html/img/cars/slider/4.png]
[creativelayers.net/themes/gotrip-html/car-single.html]
[creativelayers.net/themes/gotrip-html/img/lists/cruise/1/1.png]
[creativelayers.net/themes/gotrip-html/img/lists/cruise/1/2.png]
[creativelayers.net/themes/gotrip-html/img/lists/cruise/1/3.png]
[creativelayers.net/themes/gotrip-html/img/lists/cruise/1/4.png]
[creativelayers.net/themes/gotrip-html/img/lists/cruise/1/5.png]
[creativelayers.net/themes/gotrip-html/cruise-list-1.html]
[creativelayers.net/themes/gotrip-html/img/lists/cruise/2/1.png]
[creativelayers.net/themes/gotrip-html/img/lists/cruise/2/2.png]
[creativelayers.net/themes/gotrip-html/img/lists/cruise/2/3.png]
[creativelayers.net/themes/gotrip-html/img/lists/cruise/2/4.png]
[creativelayers.net/themes/gotrip-html/img/lists/cruise/2/5.png]
[creativelayers.net/themes/gotrip-html/img/lists/cruise/2/6.png]
[creativelayers.net/themes/gotrip-html/cruise-grid-1.html]
[creativelayers.net/themes/gotrip-html/cruise-map.html]
[creativelayers.net/themes/gotrip-html/img/lists/cruise/single/1.png]
[creativelayers.net/themes/gotrip-html/img/lists/cruise/single/2.png]
[creativelayers.net/themes/gotrip-html/img/lists/cruise/single/3.png]
[creativelayers.net/themes/gotrip-html/img/lists/cruise/single/4.png]
[creativelayers.net/themes/gotrip-html/img/lists/cruise/single/5.png]
[creativelayers.net/themes/gotrip-html/cruise-single.html]
[creativelayers.net/themes/gotrip-html/img/flights/1.png]
[creativelayers.net/themes/gotrip-html/flights-list.html]
[creativelayers.net/themes/gotrip-html/img/pages/destinations/1.png]
[creativelayers.net/themes/gotrip-html/img/pages/destinations/map.png]
[creativelayers.net/themes/gotrip-html/destinations.html]
[creativelayers.net/themes/gotrip-html/blog-list-1.html]
[creativelayers.net/themes/gotrip-html/img/blog/list-2/1.png]
[creativelayers.net/themes/gotrip-html/img/blog/list-2/2.png]
[creativelayers.net/themes/gotrip-html/img/blog/list-2/3.png]
[creativelayers.net/themes/gotrip-html/img/blog/list-2/4.png]
[creativelayers.net/themes/gotrip-html/img/blog/list-2/5.png]
[creativelayers.net/themes/gotrip-html/img/blog/sidebar/1.png]
[creativelayers.net/themes/gotrip-html/img/blog/sidebar/2.png]
[creativelayers.net/themes/gotrip-html/img/blog/sidebar/3.png]
[creativelayers.net/themes/gotrip-html/blog-list-2.html]
[creativelayers.net/themes/gotrip-html/img/blog/single/1.png]
[creativelayers.net/themes/gotrip-html/img/blog/single/2.png]
[creativelayers.net/themes/gotrip-html/img/blog/single/3.png]
[creativelayers.net/themes/gotrip-html/img/avatars/4.png]
[creativelayers.net/themes/gotrip-html/blog-single.html]
[creativelayers.net/themes/gotrip-html/404.html]
[creativelayers.net/themes/gotrip-html/img/pages/about/1.png]
[creativelayers.net/themes/gotrip-html/img/pages/about/2.png]
[creativelayers.net/themes/gotrip-html/img/team/1.png]
[creativelayers.net/themes/gotrip-html/img/team/2.png]
[creativelayers.net/themes/gotrip-html/img/team/3.png]
[creativelayers.net/themes/gotrip-html/img/team/4.png]
[creativelayers.net/themes/gotrip-html/img/team/5.png]
[creativelayers.net/themes/gotrip-html/img/team/6.png]
[creativelayers.net/themes/gotrip-html/img/team/7.png]
[creativelayers.net/themes/gotrip-html/about.html]
[creativelayers.net/themes/gotrip-html/img/pages/become-expert/1.png]
[creativelayers.net/themes/gotrip-html/become-expert.html]
[creativelayers.net/themes/gotrip-html/help-center.html]
[creativelayers.net/themes/gotrip-html/login.html]
[creativelayers.net/themes/gotrip-html/signup.html]
[creativelayers.net/themes/gotrip-html/terms.html]
[creativelayers.net/themes/gotrip-html/invoice.html]
[creativelayers.net/themes/gotrip-html/ui-elements.html]
[creativelayers.net/themes/gotrip-html/img/avatars/3.png]
[creativelayers.net/themes/gotrip-html/db-dashboard.html]
[creativelayers.net/themes/gotrip-html/db-booking.html]
[cdnjs.cloudflare.com/ajax/libs/Chart.js/3.7.1/chart.min.js]
[creativelayers.net/themes/gotrip-html/img/misc/avatar-1.png]
[creativelayers.net/themes/gotrip-html/db-settings.html]
[creativelayers.net/themes/gotrip-html/db-wishlist.html]
[creativelayers.net/themes/gotrip-html/db-vendor-dashboard.html]
[creativelayers.net/themes/gotrip-html/db-vendor-add-hotel.html]
[creativelayers.net/themes/gotrip-html/db-vendor-booking.html]
[creativelayers.net/themes/gotrip-html/db-vendor-hotels.html]
[creativelayers.net/themes/gotrip-html/db-vendor-recovery.html]
[creativelayers.net/themes/gotrip-html/contact.html]
[creativelayers.net/themes/gotrip-html/fonts/icomoonf78a.svg]
[creativelayers.net/themes/gotrip-html/img/general/logo-light.svg]
[creativelayers.net/themes/gotrip-html/img/general/logo-light-2.svg]
[creativelayers.net/themes/gotrip-html/img/clients/1.svg]
[creativelayers.net/themes/gotrip-html/img/clients/2.svg]
[creativelayers.net/themes/gotrip-html/img/clients/3.svg]
[creativelayers.net/themes/gotrip-html/img/clients/4.svg]
[creativelayers.net/themes/gotrip-html/img/clients/5.svg]
[creativelayers.net/themes/gotrip-html/img/clients/6.svg]
[creativelayers.net/themes/gotrip-html/img/masthead/5/bg.svg]
[creativelayers.net/themes/gotrip-html/img/featureIcons/1/1.svg]
[creativelayers.net/themes/gotrip-html/img/featureIcons/1/2.svg]
[creativelayers.net/themes/gotrip-html/img/featureIcons/1/3.svg]
[creativelayers.net/themes/gotrip-html/img/testimonials/2/quote.svg]
[creativelayers.net/themes/gotrip-html/img/backgrounds/testimonials/bg-2.svg]
[creativelayers.net/themes/gotrip-html/img/misc/quote.svg]
[creativelayers.net/themes/gotrip-html/img/app/2.svg]
[creativelayers.net/themes/gotrip-html/blog-single-1.html]
[creativelayers.net/themes/gotrip-html/img/general/logo-dark-2.svg]
[creativelayers.net/themes/gotrip-html/img/featureIcons/3/1.svg]
[creativelayers.net/themes/gotrip-html/img/featureIcons/3/2.svg]
[creativelayers.net/themes/gotrip-html/img/featureIcons/3/3.svg]
[creativelayers.net/themes/gotrip-html/img/featureIcons/3/4.svg]
[creativelayers.net/themes/gotrip-html/img/misc/quote-2.svg]
[creativelayers.net/themes/gotrip-html/img/general/logo-dark-3.svg]
[creativelayers.net/themes/gotrip-html/img/icons/health.svg]
[creativelayers.net/themes/gotrip-html/img/flights/plane.svg]
[creativelayers.net/themes/gotrip-html/slide-up delay-3.html]
[creativelayers.net/themes/gotrip-html/img/misc/quote-light.svg]
[creativelayers.net/themes/gotrip-html/img/general/menu.svg]
[creativelayers.net/themes/gotrip-html/img/general/404.svg]
[creativelayers.net/themes/gotrip-html/img/pages/become-expert/icons/1.svg]
[creativelayers.net/themes/gotrip-html/img/pages/become-expert/lines/1.svg]
[creativelayers.net/themes/gotrip-html/img/pages/become-expert/icons/2.svg]
[creativelayers.net/themes/gotrip-html/img/pages/become-expert/lines/2.svg]
[creativelayers.net/themes/gotrip-html/img/pages/become-expert/icons/3.svg]
[creativelayers.net/themes/gotrip-html/img/pages/help/icons/1.svg]
[creativelayers.net/themes/gotrip-html/img/pages/help/icons/2.svg]
[creativelayers.net/themes/gotrip-html/img/pages/help/icons/3.svg]
[creativelayers.net/themes/gotrip-html/img/pages/help/icons/4.svg]
[creativelayers.net/themes/gotrip-html/img/pages/help/icons/5.svg]
[creativelayers.net/themes/gotrip-html/img/pages/help/icons/6.svg]
[creativelayers.net/themes/gotrip-html/img/dashboard/sidebar/compass.svg]
[creativelayers.net/themes/gotrip-html/img/dashboard/sidebar/booking.svg]
[creativelayers.net/themes/gotrip-html/img/dashboard/sidebar/bookmark.svg]
[creativelayers.net/themes/gotrip-html/img/dashboard/sidebar/gear.svg]
[creativelayers.net/themes/gotrip-html/img/dashboard/sidebar/log-out.svg]
[creativelayers.net/themes/gotrip-html/img/dashboard/icons/1.svg]
[creativelayers.net/themes/gotrip-html/img/dashboard/icons/2.svg]
[creativelayers.net/themes/gotrip-html/img/dashboard/icons/3.svg]
[creativelayers.net/themes/gotrip-html/img/dashboard/icons/4.svg]
[creativelayers.net/themes/gotrip-html/img/dashboard/sidebar/hotel.svg]
[creativelayers.net/themes/gotrip-html/img/dashboard/sidebar/map.svg]
[creativelayers.net/themes/gotrip-html/img/dashboard/sidebar/sneakers.svg]
[creativelayers.net/themes/gotrip-html/img/dashboard/sidebar/house.svg]
[creativelayers.net/themes/gotrip-html/img/dashboard/sidebar/taxi.svg]
[creativelayers.net/themes/gotrip-html/img/dashboard/sidebar/canoe.svg]
[creativelayers.net/themes/gotrip-html/img/dashboard/sidebar/airplane.svg]
